Generating primes...
Generated 5,761,455 primes
NULL 10000000 20000000 30 0.0030061477424627196 108.4898964574414
NULL 10000000 20000000 210 0.0007869599870316078 9.115286235953361
NULL 10000000 20000000 2310 0.00033453295671795336 1.1265699825511257
NULL 10000000 20000000 30030 0.016632454761892124 19.153588143354987
NULL 20000000 40000000 30 0.0028018080383510114 161.16864148882806
NULL 20000000 40000000 210 0.0009186602270423285 19.439547985737253
NULL 20000000 40000000 2310 0.0004474387259498381 2.91823950633289
NULL 20000000 40000000 30030 0.005826204060405654 9.496313919985758
NULL 50000000 100000000 30 0.0025760439514666473 318.5356735682037
NULL 50000000 100000000 210 0.0008485477175044987 52.306907281617065
NULL 50000000 100000000 2310 0.00039937225474216687 7.821091788071897
NULL 50000000 100000000 30030 0.0015749941484671098 10.130806238817035
STAB 50000000 60000000 0.019649950015152906
STAB 60000000 70000000 0.021119821869953592
STAB 70000000 80000000 0.020744168841115185
STAB 80000000 90000000 0.02112088661550854
STAB 90000000 100000000 0.021756934263545524
DEPTH 30 0 2.829634711265127 nan 0.0
DEPTH 30 1 2.8272759489795143 0.0023587622856124923 0.0
DEPTH 30 2 2.826671436227006 0.0006045127525085014 0.0
DEPTH 30 3 2.837375986991604 -0.01070455076459842 0.0
DEPTH 30 4 2.9133102612849058 -0.07593427429330157 0.00028522700541049165
DEPTH 210 0 2.698116464574507 nan 0.0
DEPTH 210 1 2.698477249441045 -0.0003607848665381219 0.0
DEPTH 210 2 2.7071420216188864 -0.008664772177841229 0.0
DEPTH 210 3 2.763026222236933 -0.05588420061804644 0.00040137614678899085
DEPTH 210 4 2.919906084374906 -0.156879862137973 0.020054840037638202
DEPTH 2310 0 2.6053843042448928 nan 0.0
DEPTH 2310 1 2.6165802059565784 -0.011195901711685607 1.4702422959303693e-06
DEPTH 2310 2 2.6824781550216774 -0.06589794906509905 0.0007027758174547165
DEPTH 2310 3 2.8570321225274475 -0.17455396750577012 0.0259100799811809
DEPTH 2310 4 2.991774523680934 -0.13474240115348657 0.2415835979769466
DEPTH 30030 0 2.5402423024796907 nan 0.0
DEPTH 30030 1 2.6351359447239737 -0.09489364224428298 0.001023288637967537
DEPTH 30030 2 2.8452569685161757 -0.210121023792202 0.04186956010350506
DEPTH 30030 3 2.9768501087987747 -0.13159314028259894 0.33192704657727595
